<html>
<body>
<pre>
<h1>µVision Build Log</h1>
<h2>Project:</h2>
C:\Users\aksha\Desktop\UVA\Sem-1\Advanced-Embedded-Systems\Final-Project\final-working\finalpt1t1.uvproj
Project File Date:  12/12/2021

<h2>Output:</h2>
Build target 'Target 1'
compiling FIFO.c...
compiling joystick.c...
compiling LCD.c...
compiling Main.c...
compiling os.c...
assembling osasm.s...
compiling PLL.c...
compiling PORTE.c...
assembling startup.s...
compiling UART.c...
compiling UART_FIFO.c...
compiling prand.c...
compiling block.c...
compiling LED.c...
compiling screens.c...
compiling buzzer.c...
linking...
Program Size: Code=16914 RO-data=1438 RW-data=376 ZI-data=10592  
".\finalpt1t1.axf" - 0 Error(s), 0 Warning(s).
Load "C:\\Users\\aksha\\Desktop\\UVA\\Sem-1\\Advanced-Embedded-Systems\\Final-Project\\final-working\\finalpt1t1.axf" 
Connecting: Mode=JTAG, Speed=1000000Hz
Erase Done.
Programming Done.
Verify OK.
</pre>
</body>
</html>
'finalpt1t1'
   deleting intermediate output files for target 'Target 1'
