ARM Linker, 5.03 [Build 76] [MDK-ARM Lite]

==============================================================================

Section Cross References

    fifo.o(.text) refers to startup.o(.text) for StartCritical
    fifo.o(.text) refers to os.o(.text) for OS_InitSemaphore
    fifo.o(.text) refers to fifo.o(.data) for JsFifoAvailable
    fifo.o(.text) refers to fifo.o(.bss) for JsFifo
    lcd.o(.text) refers to lcd.o(.emb_text) for parrotdelay
    lcd.o(.text) refers to lcd.o(.data) for RowStart
    lcd.o(.text) refers to lcd.o(.constdata) for Rcmd1
    lcd.o(.text) refers to lcd.o(.bss) for Message
    lcd.o(.text) refers to os.o(.text) for OS_InitSemaphore
    main.o(.text) refers to uart.o(.text) for UART_Init
    main.o(.text) refers to lcd.o(.text) for BSP_LCD_OutputInit
    main.o(.text) refers to joystick.o(.text) for BSP_Joystick_Init
    main.o(.text) refers to block.o(.text) for GameStatus
    main.o(.text) refers to os.o(.text) for OS_Time
    main.o(.text) refers to fifo.o(.text) for JsFifo_Put
    main.o(.text) refers to screens.o(.text) for clearCheats
    main.o(.text) refers to main.o(.data) for origin
    main.o(.text) refers to screens.o(.data) for joystickSpeedFlag
    main.o(.text) refers to main.o(.bss) for JitterHistogram
    main.o(.text) refers to lcd.o(.data) for LCDFree
    main.o(.text) refers to block.o(.data) for life
    main.o(.text) refers to buzzer.o(.text) for BSP_Buzzer_Init
    main.o(.text) refers to prand.o(.text) for init_lfsrs
    os.o(.text) refers to startup.o(.text) for StartCritical
    os.o(.text) refers to osasm.o(.text) for OS_DisableInterrupts
    os.o(.text) refers to pll.o(.text) for PLL_Init
    os.o(.text) refers to os.o(.data) for MSTime
    os.o(.text) refers to os.o(.bss) for tcbs
    osasm.o(.text) refers to os.o(.text) for Scheduler
    osasm.o(.text) refers to os.o(.data) for RunPt
    startup.o(RESET) refers to startup.o(STACK) for StackMem
    startup.o(RESET) refers to osasm.o(.text) for SysTick_Handler
    startup.o(RESET) refers to os.o(.text) for GPIOPortD_Handler
    startup.o(RESET) refers to uart.o(.text) for UART0_Handler
    startup.o(RESET) refers to entry.o(.ARM.Collect$$$$00000000) for __main
    uart.o(.text) refers to uart_fifo.o(.text) for Rx_UARTFifo_Init
    uart_fifo.o(.text) refers to startup.o(.text) for StartCritical
    uart_fifo.o(.text) refers to os.o(.text) for OS_InitSemaphore
    uart_fifo.o(.text) refers to uart_fifo.o(.data) for Tx_UARTRoomType
    uart_fifo.o(.text) refers to uart_fifo.o(.bss) for Tx_UARTFifo
    prand.o(.text) refers to prand.o(.data) for lfsr32
    block.o(.text) refers to os.o(.text) for OS_InitSemaphore
    block.o(.text) refers to prand.o(.text) for get_random_grid_dim
    block.o(.text) refers to buzzer.o(.text) for PlayBlockKillSound
    block.o(.text) refers to lcd.o(.text) for BSP_LCD_FillRect
    block.o(.text) refers to block.o(.data) for scoreFree
    block.o(.text) refers to screens.o(.data) for livesMultiplierFlag
    block.o(.text) refers to main.o(.bss) for BlockArray
    block.o(.text) refers to lcd.o(.data) for LCDFree
    block.o(.text) refers to screens.o(.text) for gameOverScreen
    screens.o(.text) refers to os.o(.text) for OS_bWait
    screens.o(.text) refers to lcd.o(.text) for BSP_LCD_FillScreen
    screens.o(.text) refers to strncmp.o(.text) for strncmp
    screens.o(.text) refers to buzzer.o(.text) for PlayCheat1Sound
    screens.o(.text) refers to screens.o(.data) for livesMultiplierFlag
    screens.o(.text) refers to lcd.o(.data) for LCDFree
    screens.o(.text) refers to block.o(.data) for lifeMultiplier
    screens.o(.text) refers to main.o(.data) for selectFlag
    screens.o(.text) refers to block.o(.text) for getCurrentScore
    entry.o(.ARM.Collect$$$$00000000) refers (Special) to entry10a.o(.ARM.Collect$$$$0000000D) for __rt_final_cpp
    entry.o(.ARM.Collect$$$$00000000) refers (Special) to entry11a.o(.ARM.Collect$$$$0000000F) for __rt_final_exit
    entry.o(.ARM.Collect$$$$00000000) refers (Special) to entry7b.o(.ARM.Collect$$$$00000008) for _main_clock
    entry.o(.ARM.Collect$$$$00000000) refers (Special) to entry8b.o(.ARM.Collect$$$$0000000A) for _main_cpp_init
    entry.o(.ARM.Collect$$$$00000000) refers (Special) to entry9a.o(.ARM.Collect$$$$0000000B) for _main_init
    entry.o(.ARM.Collect$$$$00000000) refers (Special) to entry5.o(.ARM.Collect$$$$00000004) for _main_scatterload
    entry.o(.ARM.Collect$$$$00000000) refers (Special) to entry2.o(.ARM.Collect$$$$00000001) for _main_stk
    entry2.o(.ARM.Collect$$$$00000001) refers to entry2.o(.ARM.Collect$$$$00002712) for __lit__00000000
    entry2.o(.ARM.Collect$$$$00002712) refers to startup.o(STACK) for __initial_sp
    entry2.o(__vectab_stack_and_reset_area) refers to startup.o(STACK) for __initial_sp
    entry2.o(__vectab_stack_and_reset_area) refers to entry.o(.ARM.Collect$$$$00000000) for __main
    entry5.o(.ARM.Collect$$$$00000004) refers to init.o(.text) for __scatterload
    entry9a.o(.ARM.Collect$$$$0000000B) refers to main.o(.text) for main
    entry9b.o(.ARM.Collect$$$$0000000C) refers to main.o(.text) for main
    init.o(.text) refers to entry5.o(.ARM.Collect$$$$00000004) for __main_after_scatterload


==============================================================================

Removing Unused input sections from the image.

    Removing main.o(.constdata), (4 bytes).
    Removing porte.o(.text), (104 bytes).
    Removing startup.o(HEAP), (0 bytes).
    Removing led.o(.text), (100 bytes).

4 unused section(s) (total 208 bytes) removed from the image.

==============================================================================

Image Symbol Table

    Local Symbols

    Symbol Name                              Value     Ov Type        Size  Object(Section)

    RESET                                    0x00000000   Section      644  startup.o(RESET)
    ../clib/../cmprslib/zerorunl2.c          0x00000000   Number         0  __dczerorl2.o ABSOLUTE
    ../clib/microlib/init/entry.s            0x00000000   Number         0  entry11b.o ABSOLUTE
    ../clib/microlib/init/entry.s            0x00000000   Number         0  entry10a.o ABSOLUTE
    ../clib/microlib/init/entry.s            0x00000000   Number         0  entry.o ABSOLUTE
    ../clib/microlib/init/entry.s            0x00000000   Number         0  entry2.o ABSOLUTE
    ../clib/microlib/init/entry.s            0x00000000   Number         0  entry9a.o ABSOLUTE
    ../clib/microlib/init/entry.s            0x00000000   Number         0  entry5.o ABSOLUTE
    ../clib/microlib/init/entry.s            0x00000000   Number         0  entry10b.o ABSOLUTE
    ../clib/microlib/init/entry.s            0x00000000   Number         0  entry11a.o ABSOLUTE
    ../clib/microlib/init/entry.s            0x00000000   Number         0  entry8b.o ABSOLUTE
    ../clib/microlib/init/entry.s            0x00000000   Number         0  entry7a.o ABSOLUTE
    ../clib/microlib/init/entry.s            0x00000000   Number         0  entry7b.o ABSOLUTE
    ../clib/microlib/init/entry.s            0x00000000   Number         0  entry8a.o ABSOLUTE
    ../clib/microlib/init/entry.s            0x00000000   Number         0  entry9b.o ABSOLUTE
    ../clib/microlib/string/strncmp.c        0x00000000   Number         0  strncmp.o ABSOLUTE
    FIFO.c                                   0x00000000   Number         0  fifo.o ABSOLUTE
    LCD.c                                    0x00000000   Number         0  lcd.o ABSOLUTE
    LCD.c                                    0x00000000   Number         0  lcd.o ABSOLUTE
    LED.c                                    0x00000000   Number         0  led.o ABSOLUTE
    Main.c                                   0x00000000   Number         0  main.o ABSOLUTE
    PLL.c                                    0x00000000   Number         0  pll.o ABSOLUTE
    PORTE.c                                  0x00000000   Number         0  porte.o ABSOLUTE
    UART.c                                   0x00000000   Number         0  uart.o ABSOLUTE
    UART_FIFO.c                              0x00000000   Number         0  uart_fifo.o ABSOLUTE
    block.c                                  0x00000000   Number         0  block.o ABSOLUTE
    buzzer.c                                 0x00000000   Number         0  buzzer.o ABSOLUTE
    dc.s                                     0x00000000   Number         0  dc.o ABSOLUTE
    handlers.s                               0x00000000   Number         0  handlers.o ABSOLUTE
    init.s                                   0x00000000   Number         0  init.o ABSOLUTE
    joystick.c                               0x00000000   Number         0  joystick.o ABSOLUTE
    os.c                                     0x00000000   Number         0  os.o ABSOLUTE
    osasm.s                                  0x00000000   Number         0  osasm.o ABSOLUTE
    prand.c                                  0x00000000   Number         0  prand.o ABSOLUTE
    screens.c                                0x00000000   Number         0  screens.o ABSOLUTE
    startup.s                                0x00000000   Number         0  startup.o ABSOLUTE
    .ARM.Collect$$$$00000000                 0x00000284   Section        0  entry.o(.ARM.Collect$$$$00000000)
    .ARM.Collect$$$$00000001                 0x00000284   Section        4  entry2.o(.ARM.Collect$$$$00000001)
    .ARM.Collect$$$$00000004                 0x00000288   Section        4  entry5.o(.ARM.Collect$$$$00000004)
    .ARM.Collect$$$$00000008                 0x0000028c   Section        0  entry7b.o(.ARM.Collect$$$$00000008)
    .ARM.Collect$$$$0000000A                 0x0000028c   Section        0  entry8b.o(.ARM.Collect$$$$0000000A)
    .ARM.Collect$$$$0000000B                 0x0000028c   Section        8  entry9a.o(.ARM.Collect$$$$0000000B)
    .ARM.Collect$$$$0000000D                 0x00000294   Section        0  entry10a.o(.ARM.Collect$$$$0000000D)
    .ARM.Collect$$$$0000000F                 0x00000294   Section        0  entry11a.o(.ARM.Collect$$$$0000000F)
    .ARM.Collect$$$$00002712                 0x00000294   Section        4  entry2.o(.ARM.Collect$$$$00002712)
    __lit__00000000                          0x00000294   Data           4  entry2.o(.ARM.Collect$$$$00002712)
    .emb_text                                0x00000298   Section        6  lcd.o(.emb_text)
    .text                                    0x000002a0   Section        0  fifo.o(.text)
    .text                                    0x00000378   Section        0  joystick.o(.text)
    adcinit                                  0x00000379   Thumb Code    56  joystick.o(.text)
    .text                                    0x0000051c   Section        0  lcd.o(.text)
    writecommand                             0x0000051d   Thumb Code    60  lcd.o(.text)
    writedata                                0x00000559   Thumb Code    62  lcd.o(.text)
    commandList                              0x000005ad   Thumb Code    86  lcd.o(.text)
    commonInit                               0x00000603   Thumb Code   450  lcd.o(.text)
    setAddrWindow                            0x000007c5   Thumb Code   106  lcd.o(.text)
    ST7735_InitR                             0x00000955   Thumb Code    86  lcd.o(.text)
    pushColor                                0x000009b5   Thumb Code    18  lcd.o(.text)
    fillmessage                              0x00000f2d   Thumb Code    64  lcd.o(.text)
    fillmessage4                             0x00000f6d   Thumb Code    90  lcd.o(.text)
    fillmessage5                             0x00000fc7   Thumb Code   116  lcd.o(.text)
    fillmessage2_1                           0x0000103b   Thumb Code    84  lcd.o(.text)
    fillmessage2_Hex                         0x0000108f   Thumb Code    80  lcd.o(.text)
    .text                                    0x000018e4   Section        0  main.o(.text)
    .text                                    0x00001ff4   Section        0  os.o(.text)
    DebouncePD6                              0x00002a71   Thumb Code    42  os.o(.text)
    DebouncePD7                              0x00002a9b   Thumb Code    42  os.o(.text)
    .text                                    0x00002ba0   Section       84  osasm.o(.text)
    .text                                    0x00002bf4   Section        0  pll.o(.text)
    .text                                    0x00002c70   Section       28  startup.o(.text)
    .text                                    0x00002c8c   Section        0  uart.o(.text)
    copyHardwareToSoftware                   0x00002d37   Thumb Code    36  uart.o(.text)
    copySoftwareToHardware                   0x00002d5b   Thumb Code    38  uart.o(.text)
    .text                                    0x00002fb0   Section        0  uart_fifo.o(.text)
    .text                                    0x00003130   Section        0  prand.o(.text)
    .text                                    0x000031f0   Section        0  block.o(.text)
    .text                                    0x000036f0   Section        0  screens.o(.text)
    .text                                    0x00003fc4   Section        0  buzzer.o(.text)
    .text                                    0x00004154   Section        0  strncmp.o(.text)
    .text                                    0x00004174   Section       36  init.o(.text)
    .text                                    0x00004198   Section        0  __dczerorl2.o(.text)
    i.__scatterload_copy                     0x000041f4   Section       14  handlers.o(i.__scatterload_copy)
    i.__scatterload_null                     0x00004202   Section        2  handlers.o(i.__scatterload_null)
    i.__scatterload_zeroinit                 0x00004204   Section       14  handlers.o(i.__scatterload_zeroinit)
    .constdata                               0x00004212   Section     1403  lcd.o(.constdata)
    Font                                     0x00004212   Data        1275  lcd.o(.constdata)
    Rcmd1                                    0x0000470d   Data          59  lcd.o(.constdata)
    Rcmd2green                               0x00004748   Data          13  lcd.o(.constdata)
    Rcmd2red                                 0x00004755   Data          13  lcd.o(.constdata)
    Rcmd3                                    0x00004762   Data          43  lcd.o(.constdata)
    .data                                    0x20000000   Section       12  fifo.o(.data)
    .data                                    0x2000000c   Section       44  lcd.o(.data)
    _width                                   0x20000016   Data           2  lcd.o(.data)
    _height                                  0x20000018   Data           2  lcd.o(.data)
    ColStart                                 0x2000001a   Data           1  lcd.o(.data)
    RowStart                                 0x2000001b   Data           1  lcd.o(.data)
    .data                                    0x20000038   Section       94  main.o(.data)
    LastTime                                 0x20000040   Data           4  main.o(.data)
    .data                                    0x20000098   Section       56  os.o(.data)
    PeriodTaskCt                             0x2000009c   Data           2  os.o(.data)
    MSTime                                   0x200000bc   Data           4  os.o(.data)
    Last1                                    0x200000c0   Data           4  os.o(.data)
    Last2                                    0x200000c4   Data           4  os.o(.data)
    Last3                                    0x200000c8   Data           4  os.o(.data)
    Last4                                    0x200000cc   Data           4  os.o(.data)
    .data                                    0x200000d0   Section       24  uart_fifo.o(.data)
    .data                                    0x200000e8   Section        8  prand.o(.data)
    .data                                    0x200000f0   Section       70  block.o(.data)
    .data                                    0x20000138   Section       63  screens.o(.data)
    .bss                                     0x20000178   Section       64  fifo.o(.bss)
    JsFifo                                   0x20000178   Data          64  fifo.o(.bss)
    .bss                                     0x200001b8   Section       12  lcd.o(.bss)
    .bss                                     0x200001c4   Section      420  main.o(.bss)
    .bss                                     0x20000368   Section     9040  os.o(.bss)
    .bss                                     0x200026b8   Section       26  uart_fifo.o(.bss)
    Tx_UARTFifo                              0x200026b8   Data          16  uart_fifo.o(.bss)
    Rx_UARTFifo                              0x200026c8   Data          10  uart_fifo.o(.bss)
    STACK                                    0x200026d8   Section     1024  startup.o(STACK)
    StackMem                                 0x200026d8   Data           0  startup.o(STACK)

    Global Symbols

    Symbol Name                              Value     Ov Type        Size  Object(Section)

    BuildAttributes$$THM_ISAv4$E$P$D$K$B$S$7EM$PE$A:L22UL41UL21$X:L11$S22US41US21$IEEE1$IW$USESV6$~STKCKD$USESV7$~SHL$OSPACE$EBA8$MICROLIB$REQ8$PRES8$EABIv2 0x00000000   Number         0  anon$$obj.o ABSOLUTE
    __ARM_use_no_argv                        0x00000000   Number         0  main.o ABSOLUTE
    __Vectors                                0x00000000   Data           0  startup.o(RESET)
    __cpp_initialize__aeabi_                  - Undefined Weak Reference
    __cxa_finalize                            - Undefined Weak Reference
    _clock_init                               - Undefined Weak Reference
    _microlib_exit                            - Undefined Weak Reference
    Reset_Handler                            0x0000026d   Thumb Code     0  startup.o(RESET)
    NMI_Handler                              0x00000271   Thumb Code     2  startup.o(RESET)
    HardFault_Handler                        0x00000273   Thumb Code     2  startup.o(RESET)
    MemManage_Handler                        0x00000275   Thumb Code     2  startup.o(RESET)
    BusFault_Handler                         0x00000277   Thumb Code     2  startup.o(RESET)
    UsageFault_Handler                       0x00000279   Thumb Code     2  startup.o(RESET)
    SVC_Handler                              0x0000027b   Thumb Code     2  startup.o(RESET)
    DebugMon_Handler                         0x0000027d   Thumb Code     2  startup.o(RESET)
    PendSV_Handler                           0x0000027f   Thumb Code     2  startup.o(RESET)
    ADC0Seq0_Handler                         0x00000283   Thumb Code     0  startup.o(RESET)
    ADC0Seq1_Handler                         0x00000283   Thumb Code     0  startup.o(RESET)
    ADC0Seq2_Handler                         0x00000283   Thumb Code     0  startup.o(RESET)
    ADC0Seq3_Handler                         0x00000283   Thumb Code     0  startup.o(RESET)
    ADC1Seq0_Handler                         0x00000283   Thumb Code     0  startup.o(RESET)
    ADC1Seq1_Handler                         0x00000283   Thumb Code     0  startup.o(RESET)
    ADC1Seq2_Handler                         0x00000283   Thumb Code     0  startup.o(RESET)
    ADC1Seq3_Handler                         0x00000283   Thumb Code     0  startup.o(RESET)
    CAN0_Handler                             0x00000283   Thumb Code     0  startup.o(RESET)
    CAN1_Handler                             0x00000283   Thumb Code     0  startup.o(RESET)
    CAN2_Handler                             0x00000283   Thumb Code     0  startup.o(RESET)
    Comp0_Handler                            0x00000283   Thumb Code     0  startup.o(RESET)
    Comp1_Handler                            0x00000283   Thumb Code     0  startup.o(RESET)
    Comp2_Handler                            0x00000283   Thumb Code     0  startup.o(RESET)
    Ethernet_Handler                         0x00000283   Thumb Code     0  startup.o(RESET)
    ExtBus_Handler                           0x00000283   Thumb Code     0  startup.o(RESET)
    FPU_Handler                              0x00000283   Thumb Code     0  startup.o(RESET)
    Fan0_Handler                             0x00000283   Thumb Code     0  startup.o(RESET)
    FlashCtl_Handler                         0x00000283   Thumb Code     0  startup.o(RESET)
    GPIOPortA_Handler                        0x00000283   Thumb Code     0  startup.o(RESET)
    GPIOPortB_Handler                        0x00000283   Thumb Code     0  startup.o(RESET)
    GPIOPortC_Handler                        0x00000283   Thumb Code     0  startup.o(RESET)
    GPIOPortE_Handler                        0x00000283   Thumb Code     0  startup.o(RESET)
    GPIOPortF_Handler                        0x00000283   Thumb Code     0  startup.o(RESET)
    GPIOPortG_Handler                        0x00000283   Thumb Code     0  startup.o(RESET)
    GPIOPortH_Handler                        0x00000283   Thumb Code     0  startup.o(RESET)
    GPIOPortJ_Handler                        0x00000283   Thumb Code     0  startup.o(RESET)
    GPIOPortK_Handler                        0x00000283   Thumb Code     0  startup.o(RESET)
    GPIOPortL_Handler                        0x00000283   Thumb Code     0  startup.o(RESET)
    GPIOPortM_Handler                        0x00000283   Thumb Code     0  startup.o(RESET)
    GPIOPortN_Handler                        0x00000283   Thumb Code     0  startup.o(RESET)
    GPIOPortP1_Handler                       0x00000283   Thumb Code     0  startup.o(RESET)
    GPIOPortP2_Handler                       0x00000283   Thumb Code     0  startup.o(RESET)
    GPIOPortP3_Handler                       0x00000283   Thumb Code     0  startup.o(RESET)
    GPIOPortP4_Handler                       0x00000283   Thumb Code     0  startup.o(RESET)
    GPIOPortP5_Handler                       0x00000283   Thumb Code     0  startup.o(RESET)
    GPIOPortP6_Handler                       0x00000283   Thumb Code     0  startup.o(RESET)
    GPIOPortP7_Handler                       0x00000283   Thumb Code     0  startup.o(RESET)
    GPIOPortP_Handler                        0x00000283   Thumb Code     0  startup.o(RESET)
    GPIOPortQ1_Handler                       0x00000283   Thumb Code     0  startup.o(RESET)
    GPIOPortQ2_Handler                       0x00000283   Thumb Code     0  startup.o(RESET)
    GPIOPortQ3_Handler                       0x00000283   Thumb Code     0  startup.o(RESET)
    GPIOPortQ4_Handler                       0x00000283   Thumb Code     0  startup.o(RESET)
    GPIOPortQ5_Handler                       0x00000283   Thumb Code     0  startup.o(RESET)
    GPIOPortQ6_Handler                       0x00000283   Thumb Code     0  startup.o(RESET)
    GPIOPortQ7_Handler                       0x00000283   Thumb Code     0  startup.o(RESET)
    GPIOPortQ_Handler                        0x00000283   Thumb Code     0  startup.o(RESET)
    GPIOPortR_Handler                        0x00000283   Thumb Code     0  startup.o(RESET)
    GPIOPortS_Handler                        0x00000283   Thumb Code     0  startup.o(RESET)
    Hibernate_Handler                        0x00000283   Thumb Code     0  startup.o(RESET)
    I2C0_Handler                             0x00000283   Thumb Code     0  startup.o(RESET)
    I2C1_Handler                             0x00000283   Thumb Code     0  startup.o(RESET)
    I2C2_Handler                             0x00000283   Thumb Code     0  startup.o(RESET)
    I2C3_Handler                             0x00000283   Thumb Code     0  startup.o(RESET)
    I2C4_Handler                             0x00000283   Thumb Code     0  startup.o(RESET)
    I2C5_Handler                             0x00000283   Thumb Code     0  startup.o(RESET)
    I2S0_Handler                             0x00000283   Thumb Code     0  startup.o(RESET)
    LPC0_Handler                             0x00000283   Thumb Code     0  startup.o(RESET)
    PECI0_Handler                            0x00000283   Thumb Code     0  startup.o(RESET)
    PWM0Fault_Handler                        0x00000283   Thumb Code     0  startup.o(RESET)
    PWM0Generator0_Handler                   0x00000283   Thumb Code     0  startup.o(RESET)
    PWM0Generator1_Handler                   0x00000283   Thumb Code     0  startup.o(RESET)
    PWM0Generator2_Handler                   0x00000283   Thumb Code     0  startup.o(RESET)
    PWM0Generator3_Handler                   0x00000283   Thumb Code     0  startup.o(RESET)
    PWM1Fault_Handler                        0x00000283   Thumb Code     0  startup.o(RESET)
    PWM1Generator0_Handler                   0x00000283   Thumb Code     0  startup.o(RESET)
    PWM1Generator1_Handler                   0x00000283   Thumb Code     0  startup.o(RESET)
    PWM1Generator2_Handler                   0x00000283   Thumb Code     0  startup.o(RESET)
    PWM1Generator3_Handler                   0x00000283   Thumb Code     0  startup.o(RESET)
    Quadrature0_Handler                      0x00000283   Thumb Code     0  startup.o(RESET)
    Quadrature1_Handler                      0x00000283   Thumb Code     0  startup.o(RESET)
    Quadrature2_Handler                      0x00000283   Thumb Code     0  startup.o(RESET)
    SSI0_Handler                             0x00000283   Thumb Code     0  startup.o(RESET)
    SSI1_Handler                             0x00000283   Thumb Code     0  startup.o(RESET)
    SSI2_Handler                             0x00000283   Thumb Code     0  startup.o(RESET)
    SSI3_Handler                             0x00000283   Thumb Code     0  startup.o(RESET)
    SysCtl_Handler                           0x00000283   Thumb Code     0  startup.o(RESET)
    Timer0A_Handler                          0x00000283   Thumb Code     0  startup.o(RESET)
    Timer0B_Handler                          0x00000283   Thumb Code     0  startup.o(RESET)
    Timer1B_Handler                          0x00000283   Thumb Code     0  startup.o(RESET)
    Timer2B_Handler                          0x00000283   Thumb Code     0  startup.o(RESET)
    Timer3B_Handler                          0x00000283   Thumb Code     0  startup.o(RESET)
    Timer4B_Handler                          0x00000283   Thumb Code     0  startup.o(RESET)
    Timer5A_Handler                          0x00000283   Thumb Code     0  startup.o(RESET)
    Timer5B_Handler                          0x00000283   Thumb Code     0  startup.o(RESET)
    UART1_Handler                            0x00000283   Thumb Code     0  startup.o(RESET)
    UART2_Handler                            0x00000283   Thumb Code     0  startup.o(RESET)
    UART3_Handler                            0x00000283   Thumb Code     0  startup.o(RESET)
    UART4_Handler                            0x00000283   Thumb Code     0  startup.o(RESET)
    UART5_Handler                            0x00000283   Thumb Code     0  startup.o(RESET)
    UART6_Handler                            0x00000283   Thumb Code     0  startup.o(RESET)
    UART7_Handler                            0x00000283   Thumb Code     0  startup.o(RESET)
    USB0_Handler                             0x00000283   Thumb Code     0  startup.o(RESET)
    WDT_Handler                              0x00000283   Thumb Code     0  startup.o(RESET)
    WideTimer0A_Handler                      0x00000283   Thumb Code     0  startup.o(RESET)
    WideTimer0B_Handler                      0x00000283   Thumb Code     0  startup.o(RESET)
    WideTimer1A_Handler                      0x00000283   Thumb Code     0  startup.o(RESET)
    WideTimer1B_Handler                      0x00000283   Thumb Code     0  startup.o(RESET)
    WideTimer2A_Handler                      0x00000283   Thumb Code     0  startup.o(RESET)
    WideTimer2B_Handler                      0x00000283   Thumb Code     0  startup.o(RESET)
    WideTimer3A_Handler                      0x00000283   Thumb Code     0  startup.o(RESET)
    WideTimer3B_Handler                      0x00000283   Thumb Code     0  startup.o(RESET)
    WideTimer4A_Handler                      0x00000283   Thumb Code     0  startup.o(RESET)
    WideTimer4B_Handler                      0x00000283   Thumb Code     0  startup.o(RESET)
    WideTimer5A_Handler                      0x00000283   Thumb Code     0  startup.o(RESET)
    WideTimer5B_Handler                      0x00000283   Thumb Code     0  startup.o(RESET)
    uDMA_Error                               0x00000283   Thumb Code     0  startup.o(RESET)
    uDMA_Handler                             0x00000283   Thumb Code     0  startup.o(RESET)
    __main                                   0x00000285   Thumb Code     0  entry.o(.ARM.Collect$$$$00000000)
    _main_stk                                0x00000285   Thumb Code     0  entry2.o(.ARM.Collect$$$$00000001)
    _main_scatterload                        0x00000289   Thumb Code     0  entry5.o(.ARM.Collect$$$$00000004)
    __main_after_scatterload                 0x0000028d   Thumb Code     0  entry5.o(.ARM.Collect$$$$00000004)
    _main_clock                              0x0000028d   Thumb Code     0  entry7b.o(.ARM.Collect$$$$00000008)
    _main_cpp_init                           0x0000028d   Thumb Code     0  entry8b.o(.ARM.Collect$$$$0000000A)
    _main_init                               0x0000028d   Thumb Code     0  entry9a.o(.ARM.Collect$$$$0000000B)
    __rt_final_cpp                           0x00000295   Thumb Code     0  entry10a.o(.ARM.Collect$$$$0000000D)
    __rt_final_exit                          0x00000295   Thumb Code     0  entry11a.o(.ARM.Collect$$$$0000000F)
    parrotdelay                              0x00000299   Thumb Code     6  lcd.o(.emb_text)
    JsFifo_Init                              0x000002a1   Thumb Code    34  fifo.o(.text)
    JsFifo_Put                               0x000002c3   Thumb Code    64  fifo.o(.text)
    JsFifo_Get                               0x00000303   Thumb Code    52  fifo.o(.text)
    JsFifo_Size                              0x00000337   Thumb Code    48  fifo.o(.text)
    BSP_Joystick_Init                        0x000003b1   Thumb Code   274  joystick.o(.text)
    BSP_Joystick_Input                       0x000004c3   Thumb Code    46  joystick.o(.text)
    BSP_Delay1ms                             0x00000597   Thumb Code    22  lcd.o(.text)
    BSP_LCD_FillRect                         0x0000082f   Thumb Code   164  lcd.o(.text)
    BSP_LCD_FillScreen                       0x000008d3   Thumb Code    28  lcd.o(.text)
    BSP_LCD_SetCursor                        0x000008ef   Thumb Code   102  lcd.o(.text)
    BSP_LCD_Init                             0x000009ab   Thumb Code    10  lcd.o(.text)
    BSP_LCD_DrawPixel                        0x000009c7   Thumb Code    64  lcd.o(.text)
    BSP_LCD_DrawFastVLine                    0x00000a07   Thumb Code   116  lcd.o(.text)
    BSP_LCD_DrawFastHLine                    0x00000a7b   Thumb Code   116  lcd.o(.text)
    BSP_LCD_DrawRectOutline                  0x00000aef   Thumb Code   150  lcd.o(.text)
    BSP_LCD_Color565                         0x00000b85   Thumb Code    24  lcd.o(.text)
    BSP_LCD_SwapColor                        0x00000b9d   Thumb Code    18  lcd.o(.text)
    BSP_LCD_DrawBitmap                       0x00000baf   Thumb Code   280  lcd.o(.text)
    BSP_LCD_DrawCharS                        0x00000cc7   Thumb Code   274  lcd.o(.text)
    BSP_LCD_DrawChar                         0x00000dd9   Thumb Code   256  lcd.o(.text)
    BSP_LCD_DrawString                       0x00000ed9   Thumb Code    84  lcd.o(.text)
    BSP_LCD_OutUDec                          0x000010df   Thumb Code   120  lcd.o(.text)
    BSP_LCD_OutUDec4                         0x00001157   Thumb Code   158  lcd.o(.text)
    BSP_LCD_OutUDec5                         0x000011f5   Thumb Code   116  lcd.o(.text)
    BSP_LCD_OutUFix2_1                       0x00001269   Thumb Code    96  lcd.o(.text)
    BSP_LCD_OutUHex2                         0x000012c9   Thumb Code    96  lcd.o(.text)
    BSP_LCD_Drawaxes                         0x00001329   Thumb Code   270  lcd.o(.text)
    BSP_LCD_PlotPoint                        0x00001437   Thumb Code    86  lcd.o(.text)
    BSP_LCD_PlotIncrement                    0x0000148d   Thumb Code    46  lcd.o(.text)
    BSP_LCD_OutputInit                       0x000014bb   Thumb Code    22  lcd.o(.text)
    BSP_LCD_Message                          0x000014d1   Thumb Code    68  lcd.o(.text)
    BSP_LCD_DrawCrosshair                    0x00001515   Thumb Code    38  lcd.o(.text)
    BSP_LCD_DrawHeart                        0x0000153b   Thumb Code   112  lcd.o(.text)
    BSP_LCD_DrawHourglass                    0x000015ab   Thumb Code   492  lcd.o(.text)
    BSP_LCD_DrawLightning                    0x00001797   Thumb Code   116  lcd.o(.text)
    BSP_LCD_Draw2x                           0x0000180b   Thumb Code    22  lcd.o(.text)
    BSP_LCD_DrawStar                         0x00001821   Thumb Code   190  lcd.o(.text)
    Device_Init                              0x000018e5   Thumb Code    16  main.o(.text)
    UpdatePosition                           0x000018f5   Thumb Code   246  main.o(.text)
    Producer                                 0x000019eb   Thumb Code   196  main.o(.text)
    Consumer                                 0x00001aaf   Thumb Code   306  main.o(.text)
    Display                                  0x00001be1   Thumb Code   198  main.o(.text)
    restartGame                              0x00001ca7   Thumb Code    42  main.o(.text)
    startGame                                0x00001cd1   Thumb Code   208  main.o(.text)
    resetGame                                0x00001da1   Thumb Code   118  main.o(.text)
    Restart                                  0x00001e17   Thumb Code     8  main.o(.text)
    B1Push                                   0x00001e1f   Thumb Code    60  main.o(.text)
    B2Push                                   0x00001e5b   Thumb Code   136  main.o(.text)
    CrossHair_Init                           0x00001ee3   Thumb Code    20  main.o(.text)
    main                                     0x00001ef7   Thumb Code   140  main.o(.text)
    OS_ClearMsTime                           0x00001ff5   Thumb Code     8  os.o(.text)
    InitTimer3A                              0x00001ffd   Thumb Code   118  os.o(.text)
    InitTimer2A                              0x00002073   Thumb Code   126  os.o(.text)
    OS_Init                                  0x000020f1   Thumb Code    82  os.o(.text)
    SetInitialStack                          0x00002143   Thumb Code   332  os.o(.text)
    OS_Launch                                0x0000228f   Thumb Code    22  os.o(.text)
    OS_Suspend                               0x000022a5   Thumb Code    20  os.o(.text)
    OS_MsTime                                0x000022b9   Thumb Code     6  os.o(.text)
    OS_AddThread                             0x000022bf   Thumb Code   454  os.o(.text)
    OS_Id                                    0x00002485   Thumb Code     8  os.o(.text)
    OS_Wait                                  0x0000248d   Thumb Code    44  os.o(.text)
    OS_Signal                                0x000024b9   Thumb Code    46  os.o(.text)
    OS_InitSemaphore                         0x000024e7   Thumb Code    18  os.o(.text)
    OS_bWait                                 0x000024f9   Thumb Code    44  os.o(.text)
    OS_bSignal                               0x00002525   Thumb Code    56  os.o(.text)
    OS_Sleep                                 0x0000255d   Thumb Code    16  os.o(.text)
    OS_Kill                                  0x0000256d   Thumb Code   124  os.o(.text)
    Scheduler                                0x000025e9   Thumb Code   104  os.o(.text)
    InitTimer4A                              0x00002651   Thumb Code   122  os.o(.text)
    InitTimer1A                              0x000026cb   Thumb Code   128  os.o(.text)
    OS_AddPeriodicThread                     0x0000274b   Thumb Code    54  os.o(.text)
    OS_Time                                  0x00002781   Thumb Code    12  os.o(.text)
    OS_TimeDifference                        0x0000278d   Thumb Code     6  os.o(.text)
    Timer1A_Handler                          0x00002793   Thumb Code    16  os.o(.text)
    Timer2A_Handler                          0x000027a3   Thumb Code   304  os.o(.text)
    Timer3A_Handler                          0x000028d3   Thumb Code     8  os.o(.text)
    Timer4A_Handler                          0x000028db   Thumb Code    16  os.o(.text)
    ButtonOneInit                            0x000028eb   Thumb Code   188  os.o(.text)
    ButtonTwoInit                            0x000029a7   Thumb Code   202  os.o(.text)
    GPIOPortD_Handler                        0x00002ac5   Thumb Code    98  os.o(.text)
    OS_AddB1Task                             0x00002b27   Thumb Code    20  os.o(.text)
    OS_AddB2Task                             0x00002b3b   Thumb Code    20  os.o(.text)
    OS_DisableInterrupts                     0x00002ba1   Thumb Code     0  osasm.o(.text)
    OS_EnableInterrupts                      0x00002ba5   Thumb Code     0  osasm.o(.text)
    SysTick_Handler                          0x00002ba9   Thumb Code     0  osasm.o(.text)
    StartOS                                  0x00002bcf   Thumb Code     0  osasm.o(.text)
    PLL_Init                                 0x00002bf5   Thumb Code   118  pll.o(.text)
    DisableInterrupts                        0x00002c71   Thumb Code     0  startup.o(.text)
    EnableInterrupts                         0x00002c75   Thumb Code     0  startup.o(.text)
    StartCritical                            0x00002c79   Thumb Code     0  startup.o(.text)
    EndCritical                              0x00002c81   Thumb Code     0  startup.o(.text)
    WaitForInterrupt                         0x00002c87   Thumb Code     0  startup.o(.text)
    UART_Init                                0x00002c8d   Thumb Code   170  uart.o(.text)
    UART_InChar                              0x00002d81   Thumb Code    20  uart.o(.text)
    UART_OutChar                             0x00002d95   Thumb Code    46  uart.o(.text)
    UART0_Handler                            0x00002dc3   Thumb Code    82  uart.o(.text)
    UART_OutString                           0x00002e15   Thumb Code    22  uart.o(.text)
    UART_InUDec                              0x00002e2b   Thumb Code    76  uart.o(.text)
    UART_OutUDec                             0x00002e77   Thumb Code    42  uart.o(.text)
    UART_InUHex                              0x00002ea1   Thumb Code   108  uart.o(.text)
    UART_OutUHex                             0x00002f0d   Thumb Code    52  uart.o(.text)
    UART_InString                            0x00002f41   Thumb Code    70  uart.o(.text)
    OutCRLF                                  0x00002f87   Thumb Code    16  uart.o(.text)
    Tx_UARTFifo_Init                         0x00002fb1   Thumb Code    34  uart_fifo.o(.text)
    Tx_UARTFifo_Put                          0x00002fd3   Thumb Code    56  uart_fifo.o(.text)
    Tx_UARTFifo_Get                          0x0000300b   Thumb Code    54  uart_fifo.o(.text)
    Tx_UARTFifo_Size                         0x00003041   Thumb Code    14  uart_fifo.o(.text)
    Rx_UARTFifo_Init                         0x0000304f   Thumb Code    34  uart_fifo.o(.text)
    Rx_UARTFifo_Put                          0x00003071   Thumb Code    52  uart_fifo.o(.text)
    Rx_UARTFifo_Get                          0x000030a5   Thumb Code    66  uart_fifo.o(.text)
    Rx_UARTFifo_Size                         0x000030e7   Thumb Code    42  uart_fifo.o(.text)
    shift_lfsr                               0x00003131   Thumb Code    26  prand.o(.text)
    init_lfsrs                               0x0000314b   Thumb Code    14  prand.o(.text)
    get_random                               0x00003159   Thumb Code    34  prand.o(.text)
    get_random_direction                     0x0000317b   Thumb Code    16  prand.o(.text)
    get_random_bounce                        0x0000318b   Thumb Code    32  prand.o(.text)
    get_random_cube_num                      0x000031ab   Thumb Code    24  prand.o(.text)
    get_random_grid_dim                      0x000031c3   Thumb Code    22  prand.o(.text)
    BlockArrayInit                           0x000031f1   Thumb Code   136  block.o(.text)
    addScore                                 0x00003279   Thumb Code    34  block.o(.text)
    getCurrentScore                          0x0000329b   Thumb Code    34  block.o(.text)
    decrementLife                            0x000032bd   Thumb Code    30  block.o(.text)
    getCurrentLife                           0x000032db   Thumb Code     8  block.o(.text)
    GameStatus                               0x000032e3   Thumb Code    24  block.o(.text)
    getTimeLeft                              0x000032fb   Thumb Code     8  block.o(.text)
    decrementActiveCubes                     0x00003303   Thumb Code    30  block.o(.text)
    incrementActiveCubes                     0x00003321   Thumb Code    30  block.o(.text)
    getActiveCubes                           0x0000333f   Thumb Code     8  block.o(.text)
    initializeCube                           0x00003347   Thumb Code   166  block.o(.text)
    CubeResurrection                         0x000033ed   Thumb Code    42  block.o(.text)
    CubeThread                               0x00003417   Thumb Code   708  block.o(.text)
    clearCheats                              0x000036f1   Thumb Code    24  screens.o(.text)
    cheatScreen                              0x00003709   Thumb Code  1426  screens.o(.text)
    startScreen                              0x00003c9b   Thumb Code   318  screens.o(.text)
    gameOverScreen                           0x00003dd9   Thumb Code   272  screens.o(.text)
    BSP_Buzzer_Init                          0x00003fc5   Thumb Code    84  buzzer.o(.text)
    BSP_Buzzer_Output                        0x00004019   Thumb Code    50  buzzer.o(.text)
    SoundBuzzer                              0x0000404b   Thumb Code    30  buzzer.o(.text)
    PlayStartSound                           0x00004069   Thumb Code    52  buzzer.o(.text)
    PlayEndSound                             0x0000409d   Thumb Code    44  buzzer.o(.text)
    PlayInvalidCheatSound                    0x000040c9   Thumb Code    14  buzzer.o(.text)
    PlayCheat1Sound                          0x000040d7   Thumb Code    14  buzzer.o(.text)
    PlayCheat2Sound                          0x000040e5   Thumb Code    14  buzzer.o(.text)
    PlayCheat3Sound                          0x000040f3   Thumb Code    14  buzzer.o(.text)
    PlayCheat4Sound                          0x00004101   Thumb Code    14  buzzer.o(.text)
    PlayCheat5Sound                          0x0000410f   Thumb Code    14  buzzer.o(.text)
    PlayBlockKillSound                       0x0000411d   Thumb Code    24  buzzer.o(.text)
    ChooseCheatSound                         0x00004135   Thumb Code     2  buzzer.o(.text)
    strncmp                                  0x00004155   Thumb Code    30  strncmp.o(.text)
    __scatterload                            0x00004175   Thumb Code    28  init.o(.text)
    __scatterload_rt2                        0x00004175   Thumb Code     0  init.o(.text)
    __decompress                             0x00004199   Thumb Code     0  __dczerorl2.o(.text)
    __decompress1                            0x00004199   Thumb Code    92  __dczerorl2.o(.text)
    __scatterload_copy                       0x000041f5   Thumb Code    14  handlers.o(i.__scatterload_copy)
    __scatterload_null                       0x00004203   Thumb Code     2  handlers.o(i.__scatterload_null)
    __scatterload_zeroinit                   0x00004205   Thumb Code    14  handlers.o(i.__scatterload_zeroinit)
    Region$$Table$$Base                      0x00004790   Number         0  anon$$obj.o(Region$$Table)
    Region$$Table$$Limit                     0x000047b0   Number         0  anon$$obj.o(Region$$Table)
    JsPutPt                                  0x20000000   Data           4  fifo.o(.data)
    JsGetPt                                  0x20000004   Data           4  fifo.o(.data)
    JsFifoAvailable                          0x20000008   Data           4  fifo.o(.data)
    StX                                      0x2000000c   Data           4  lcd.o(.data)
    StY                                      0x20000010   Data           4  lcd.o(.data)
    StTextColor                              0x20000014   Data           2  lcd.o(.data)
    Messageindex                             0x2000001c   Data           4  lcd.o(.data)
    TimeIndex                                0x20000020   Data           4  lcd.o(.data)
    Ymax                                     0x20000024   Data           4  lcd.o(.data)
    Ymin                                     0x20000028   Data           4  lcd.o(.data)
    Yrange                                   0x2000002c   Data           4  lcd.o(.data)
    PlotBGColor                              0x20000030   Data           2  lcd.o(.data)
    LCDFree                                  0x20000034   Data           4  lcd.o(.data)
    scale                                    0x20000038   Data           4  main.o(.data)
    x                                        0x2000003c   Data           2  main.o(.data)
    y                                        0x2000003e   Data           2  main.o(.data)
    startBuzzer                              0x20000044   Data           4  main.o(.data)
    highScore                                0x20000048   Data           2  main.o(.data)
    selectFlag                               0x2000004c   Data           4  main.o(.data)
    origin                                   0x20000050   Data           4  main.o(.data)
    prevx                                    0x20000054   Data           2  main.o(.data)
    prevy                                    0x20000056   Data           2  main.o(.data)
    select                                   0x20000058   Data           1  main.o(.data)
    area                                     0x20000059   Data           2  main.o(.data)
    PseudoCount                              0x2000005c   Data           4  main.o(.data)
    NumCreated                               0x20000060   Data           4  main.o(.data)
    NumSamples                               0x20000064   Data           4  main.o(.data)
    UpdateWork                               0x20000068   Data           4  main.o(.data)
    Calculation                              0x2000006c   Data           4  main.o(.data)
    DisplayCount                             0x20000070   Data           4  main.o(.data)
    ConsumerCount                            0x20000074   Data           4  main.o(.data)
    Button1RespTime                          0x20000078   Data           4  main.o(.data)
    Button2RespTime                          0x2000007c   Data           4  main.o(.data)
    Button1PushTime                          0x20000080   Data           4  main.o(.data)
    Button2PushTime                          0x20000084   Data           4  main.o(.data)
    DataLost                                 0x20000088   Data           4  main.o(.data)
    MaxJitter                                0x2000008c   Data           4  main.o(.data)
    TotalWithI1                              0x20000090   Data           4  main.o(.data)
    MaxWithI1                                0x20000094   Data           2  main.o(.data)
    ThreadNum                                0x20000098   Data           4  os.o(.data)
    PeriodicTask1                            0x200000a0   Data           4  os.o(.data)
    PeriodicTask2                            0x200000a4   Data           4  os.o(.data)
    ButtonOneTask                            0x200000a8   Data           4  os.o(.data)
    ButtonTwoTask                            0x200000ac   Data           4  os.o(.data)
    ButtonThreeTask                          0x200000b0   Data           4  os.o(.data)
    ButtonFourTask                           0x200000b4   Data           4  os.o(.data)
    RunPt                                    0x200000b8   Data           4  os.o(.data)
    Tx_UARTPutI                              0x200000d0   Data           4  uart_fifo.o(.data)
    Tx_UARTGetI                              0x200000d4   Data           4  uart_fifo.o(.data)
    Tx_UARTRoomType                          0x200000d8   Data           4  uart_fifo.o(.data)
    Rx_UARTPutPt                             0x200000dc   Data           4  uart_fifo.o(.data)
    Rx_UARTGetPt                             0x200000e0   Data           4  uart_fifo.o(.data)
    Rx_UARTDataAvailable                     0x200000e4   Data           4  uart_fifo.o(.data)
    lfsr32                                   0x200000e8   Data           4  prand.o(.data)
    lfsr31                                   0x200000ec   Data           4  prand.o(.data)
    scoreAdd                                 0x200000f0   Data           2  block.o(.data)
    lifeMultiplier                           0x200000f4   Data           4  block.o(.data)
    cubeLifeMultiplier                       0x200000f8   Data           4  block.o(.data)
    scoreMultiplier                          0x200000fc   Data           4  block.o(.data)
    colors                                   0x20000100   Data          32  block.o(.data)
    score                                    0x20000120   Data           2  block.o(.data)
    life                                     0x20000122   Data           2  block.o(.data)
    scoreFree                                0x20000124   Data           4  block.o(.data)
    lifeFree                                 0x20000128   Data           4  block.o(.data)
    activeCubesFree                          0x2000012c   Data           4  block.o(.data)
    activeCubes                              0x20000130   Data           2  block.o(.data)
    timeLeft                                 0x20000132   Data           2  block.o(.data)
    numberOfCubesToReactivate                0x20000134   Data           2  block.o(.data)
    gameStart                                0x20000138   Data           4  screens.o(.data)
    gameOver                                 0x2000013c   Data           4  screens.o(.data)
    secretInput                              0x20000140   Data           4  screens.o(.data)
    startScreenInit                          0x20000144   Data           4  screens.o(.data)
    cheatScreenInit                          0x20000148   Data           4  screens.o(.data)
    endScreenInit                            0x2000014c   Data           4  screens.o(.data)
    restartInput                             0x20000150   Data           4  screens.o(.data)
    currentIndexForCheatInput                0x20000154   Data           4  screens.o(.data)
    ActiveScreen                             0x20000158   Data           4  screens.o(.data)
    livesMultiplierFlag                      0x2000015c   Data           4  screens.o(.data)
    cubeLifeFlag                             0x20000160   Data           4  screens.o(.data)
    joystickSpeedFlag                        0x20000164   Data           4  screens.o(.data)
    scoreMultiplierFlag                      0x20000168   Data           4  screens.o(.data)
    godModeFlag                              0x2000016c   Data           4  screens.o(.data)
    finalScore                               0x20000170   Data           2  screens.o(.data)
    cheatInput                               0x20000172   Data           5  screens.o(.data)
    Message                                  0x200001b8   Data          12  lcd.o(.bss)
    JitterHistogram                          0x200001c4   Data         256  main.o(.bss)
    cubeArray                                0x200002c4   Data          20  main.o(.bss)
    BlockArray                               0x200002d8   Data         144  main.o(.bss)
    tcbs                                     0x20000368   Data        1040  os.o(.bss)
    Stacks                                   0x20000778   Data        8000  os.o(.bss)
    __initial_sp                             0x20002ad8   Data           0  startup.o(STACK)



==============================================================================

Memory Map of the image

  Image Entry point : 0x0000026d

  Load Region LR_1 (Base: 0x00000000, Size: 0x00004928, Max: 0xffffffff, ABSOLUTE, COMPRESSED[0x000047dc])

    Execution Region ER_RO (Base: 0x00000000, Size: 0x000047b0, Max: 0xffffffff, ABSOLUTE)

    Base Addr    Size         Type   Attr      Idx    E Section Name        Object

    0x00000000   0x00000284   Code   RO          165  * RESET               startup.o
    0x00000284   0x00000000   Code   RO          287  * .ARM.Collect$$$$00000000  mc_w.l(entry.o)
    0x00000284   0x00000004   Code   RO          292    .ARM.Collect$$$$00000001  mc_w.l(entry2.o)
    0x00000288   0x00000004   Code   RO          295    .ARM.Collect$$$$00000004  mc_w.l(entry5.o)
    0x0000028c   0x00000000   Code   RO          297    .ARM.Collect$$$$00000008  mc_w.l(entry7b.o)
    0x0000028c   0x00000000   Code   RO          299    .ARM.Collect$$$$0000000A  mc_w.l(entry8b.o)
    0x0000028c   0x00000008   Code   RO          300    .ARM.Collect$$$$0000000B  mc_w.l(entry9a.o)
    0x00000294   0x00000000   Code   RO          302    .ARM.Collect$$$$0000000D  mc_w.l(entry10a.o)
    0x00000294   0x00000000   Code   RO          304    .ARM.Collect$$$$0000000F  mc_w.l(entry11a.o)
    0x00000294   0x00000004   Code   RO          293    .ARM.Collect$$$$00002712  mc_w.l(entry2.o)
    0x00000298   0x00000006   Code   RO           43    .emb_text           lcd.o
    0x0000029e   0x00000002   PAD
    0x000002a0   0x000000d8   Code   RO            1    .text               fifo.o
    0x00000378   0x000001a4   Code   RO           28    .text               joystick.o
    0x0000051c   0x000013c8   Code   RO           44    .text               lcd.o
    0x000018e4   0x00000710   Code   RO           68    .text               main.o
    0x00001ff4   0x00000bac   Code   RO          117    .text               os.o
    0x00002ba0   0x00000054   Code   RO          136    .text               osasm.o
    0x00002bf4   0x0000007c   Code   RO          139    .text               pll.o
    0x00002c70   0x0000001c   Code   RO          166    .text               startup.o
    0x00002c8c   0x00000324   Code   RO          172    .text               uart.o
    0x00002fb0   0x00000180   Code   RO          187    .text               uart_fifo.o
    0x00003130   0x000000c0   Code   RO          203    .text               prand.o
    0x000031f0   0x00000500   Code   RO          218    .text               block.o
    0x000036f0   0x000008d4   Code   RO          252    .text               screens.o
    0x00003fc4   0x00000190   Code   RO          275    .text               buzzer.o
    0x00004154   0x0000001e   Code   RO          290    .text               mc_w.l(strncmp.o)
    0x00004172   0x00000002   PAD
    0x00004174   0x00000024   Code   RO          306    .text               mc_w.l(init.o)
    0x00004198   0x0000005c   Code   RO          316    .text               mc_w.l(__dczerorl2.o)
    0x000041f4   0x0000000e   Code   RO          310    i.__scatterload_copy  mc_w.l(handlers.o)
    0x00004202   0x00000002   Code   RO          311    i.__scatterload_null  mc_w.l(handlers.o)
    0x00004204   0x0000000e   Code   RO          312    i.__scatterload_zeroinit  mc_w.l(handlers.o)
    0x00004212   0x0000057b   Data   RO           46    .constdata          lcd.o
    0x0000478d   0x00000003   PAD
    0x00004790   0x00000020   Data   RO          308    Region$$Table       anon$$obj.o


    Execution Region ER_RW (Base: 0x20000000, Size: 0x00000178, Max: 0xffffffff, ABSOLUTE, COMPRESSED[0x0000002c])

    Base Addr    Size         Type   Attr      Idx    E Section Name        Object

    0x20000000   0x0000000c   Data   RW            3    .data               fifo.o
    0x2000000c   0x0000002c   Data   RW           47    .data               lcd.o
    0x20000038   0x0000005e   Data   RW           71    .data               main.o
    0x20000096   0x00000002   PAD
    0x20000098   0x00000038   Data   RW          119    .data               os.o
    0x200000d0   0x00000018   Data   RW          189    .data               uart_fifo.o
    0x200000e8   0x00000008   Data   RW          204    .data               prand.o
    0x200000f0   0x00000046   Data   RW          219    .data               block.o
    0x20000136   0x00000002   PAD
    0x20000138   0x0000003f   Data   RW          253    .data               screens.o


    Execution Region ER_ZI (Base: 0x20000178, Size: 0x00002960, Max: 0xffffffff, ABSOLUTE)

    Base Addr    Size         Type   Attr      Idx    E Section Name        Object

    0x20000178   0x00000040   Zero   RW            2    .bss                fifo.o
    0x200001b8   0x0000000c   Zero   RW           45    .bss                lcd.o
    0x200001c4   0x000001a4   Zero   RW           69    .bss                main.o
    0x20000368   0x00002350   Zero   RW          118    .bss                os.o
    0x200026b8   0x0000001a   Zero   RW          188    .bss                uart_fifo.o
    0x200026d2   0x00000006   PAD
    0x200026d8   0x00000400   Zero   RW          163    STACK               startup.o


==============================================================================

Image component sizes


      Code (inc. data)   RO Data    RW Data    ZI Data      Debug   Object Name

      1280        106          0         70          0       6136   block.o
       400         30          0          0          0       2234   buzzer.o
       216         18          0         12         64       7406   fifo.o
       420         44          0          0          0       1223   joystick.o
      5070        214       1403         44         12      15380   lcd.o
      1808        262          0         94        420       7937   main.o
      2988        198          0         56       9040       8665   os.o
        84          6          0          0          0        236   osasm.o
       124          6          0          0          0        451   pll.o
       192         24          0          8          0       1858   prand.o
      2260        428          0         63          0       4654   screens.o
       672        622          0          0       1024        932   startup.o
       804         26          0          0          0       3118   uart.o
       384         32          0         24         26       2891   uart_fifo.o

    ----------------------------------------------------------------------
     16704       2016       1438        376      10592      63121   Object Totals
         0          0         32          0          0          0   (incl. Generated)
         2          0          3          5          6          0   (incl. Padding)

    ----------------------------------------------------------------------

      Code (inc. data)   RO Data    RW Data    ZI Data      Debug   Library Member Name

        92          0          0          0          0          0   __dczerorl2.o
         0          0          0          0          0          0   entry.o
         0          0          0          0          0          0   entry10a.o
         0          0          0          0          0          0   entry11a.o
         8          4          0          0          0          0   entry2.o
         4          0          0          0          0          0   entry5.o
         0          0          0          0          0          0   entry7b.o
         0          0          0          0          0          0   entry8b.o
         8          4          0          0          0          0   entry9a.o
        30          0          0          0          0          0   handlers.o
        36          8          0          0          0         68   init.o
        30          0          0          0          0         80   strncmp.o

    ----------------------------------------------------------------------
       210         16          0          0          0        148   Library Totals
         2          0          0          0          0          0   (incl. Padding)

    ----------------------------------------------------------------------

      Code (inc. data)   RO Data    RW Data    ZI Data      Debug   Library Name

       208         16          0          0          0        148   mc_w.l

    ----------------------------------------------------------------------
       210         16          0          0          0        148   Library Totals

    ----------------------------------------------------------------------

==============================================================================


      Code (inc. data)   RO Data    RW Data    ZI Data      Debug   

     16914       2032       1438        376      10592      62073   Grand Totals
     16914       2032       1438         44      10592      62073   ELF Image Totals (compressed)
     16914       2032       1438         44          0          0   ROM Totals

==============================================================================

    Total RO  Size (Code + RO Data)                18352 (  17.92kB)
    Total RW  Size (RW Data + ZI Data)             10968 (  10.71kB)
    Total ROM Size (Code + RO Data + RW Data)      18396 (  17.96kB)

==============================================================================

